============================= test session starts ==============================
platform linux -- Python 3.12.3, pytest-9.1.1, pluggy-1.6.0 -- /home/dmlan/Documentos/Default Project/horarios-app/venv/bin/python3
cachedir: .pytest_cache
rootdir: /home/dmlan/Documentos/Default Project/horarios-app
plugins: anyio-4.15.1
collecting ... collected 79 items

test_app.py::test_login_incorrect_pin PASSED                             [  1%]
test_app.py::test_login_unknown_user PASSED                              [  2%]
test_app.py::test_login_correct_pin PASSED                               [  3%]
test_app.py::test_protected_endpoint_without_auth PASSED                 [  5%]
test_app.py::test_logout PASSED                                          [  6%]
test_app.py::test_change_pin PASSED                                      [  7%]
test_app.py::test_owner_creates_and_lists_user PASSED                    [  8%]
test_app.py::test_owner_resets_user_pin PASSED                           [ 10%]
test_app.py::test_duplicate_username_rejected PASSED                     [ 11%]
test_app.py::test_non_owner_cannot_manage_users PASSED                   [ 12%]
test_app.py::test_register_with_valid_invite PASSED                      [ 13%]
test_app.py::test_register_requires_valid_or_unused_code PASSED          [ 15%]
test_app.py::test_register_duplicate_username_rejected PASSED            [ 16%]
test_app.py::test_invite_endpoints_owner_only PASSED                     [ 17%]
test_app.py::test_delete_user_removes_its_entries_and_settings PASSED    [ 18%]
test_app.py::test_cannot_delete_owner PASSED                             [ 20%]
test_app.py::test_settings_per_user_isolation PASSED                     [ 21%]
test_app.py::test_entries_isolation_between_users PASSED                 [ 22%]
test_app.py::test_pages_public_and_auth PASSED                           [ 24%]
test_app.py::test_root_redirects_to_dashboard PASSED                     [ 25%]
test_app.py::test_nav_brand_links_to_dashboard PASSED                    [ 26%]
test_app.py::test_menu_usuario_contiene_secciones_y_logout PASSED        [ 27%]
test_app.py::test_settings_shows_app_version PASSED                      [ 29%]
test_app.py::test_pwa_name_is_control_de_horario_age PASSED              [ 30%]
test_app.py::test_settings_defaults PASSED                               [ 31%]
test_app.py::test_settings_save_and_persist PASSED                       [ 32%]
test_app.py::test_settings_invalid_time_format PASSED                    [ 34%]
test_app.py::test_settings_unauthorized PASSED                           [ 35%]
test_app.py::test_create_presencial_entry PASSED                         [ 36%]
test_app.py::test_create_without_time_in_rejected PASSED                 [ 37%]
test_app.py::test_create_outside_work_window_rejected PASSED             [ 39%]
test_app.py::test_create_exit_before_entry_rejected PASSED               [ 40%]
test_app.py::test_create_open_entry_allowed PASSED                       [ 41%]
test_app.py::test_create_special_day_mark PASSED                         [ 43%]
test_app.py::test_create_work_on_special_day_rejected PASSED             [ 44%]
test_app.py::test_create_second_special_mark_rejected PASSED             [ 45%]
test_app.py::test_normalize_entry_type_variants PASSED                   [ 46%]
test_app.py::test_update_entry PASSED                                    [ 48%]
test_app.py::test_update_festivo_to_other_rejected PASSED                [ 49%]
test_app.py::test_update_missing_entry_404 PASSED                        [ 50%]
test_app.py::test_delete_entry PASSED                                    [ 51%]
test_app.py::test_lunch_deducted_rules PASSED                            [ 53%]
test_app.py::test_lunch_vacio_no_descuenta PASSED                        [ 54%]
test_app.py::test_guardar_comida_vacia_sin_descuento PASSED              [ 55%]
test_app.py::test_comida_solo_un_campo_vacio_no_descuenta PASSED         [ 56%]
test_app.py::test_horario_invalido_sigue_dando_error PASSED              [ 58%]
test_app.py::test_entry_net_and_split PASSED                             [ 59%]
test_app.py::test_afternoon_objective_mapping PASSED                     [ 60%]
test_app.py::test_entry_shift PASSED                                     [ 62%]
test_app.py::test_week_with_festivo_prorates_objective PASSED            [ 63%]
test_app.py::test_week_festivo_descuenta_dia_completo_sin_horas PASSED   [ 64%]
test_app.py::test_week_descuento_dia_completo_se_escala_con_horas_semanales PASSED [ 65%]
test_app.py::test_week_dos_dias_no_trabajados_descuenta_dos_jornadas PASSED [ 67%]
test_app.py::test_week_normal_five_days_no_discount PASSED               [ 68%]
test_app.py::test_week_uses_custom_objective_from_settings PASSED        [ 69%]
test_app.py::test_week_solo_dias_trabajados_cuenta PASSED                [ 70%]
test_app.py::test_week_no_marks_zero_worked_days PASSED                  [ 72%]
test_app.py::test_week_total_coincide_con_suma_de_tarjetas_de_dia PASSED [ 73%]
test_app.py::test_day_summary_gross_breakdown PASSED                     [ 74%]
test_app.py::test_day_summary_open_entry PASSED                          [ 75%]
test_app.py::test_today_summary_net PASSED                               [ 77%]
test_app.py::test_entries_list_month_year PASSED                         [ 78%]
test_app.py::test_monthly_report PASSED                                  [ 79%]
test_app.py::test_csv_export PASSED                                      [ 81%]
test_app.py::test_update_out_of_window_rejected PASSED                   [ 82%]
test_app.py::test_backup_requires_auth PASSED                            [ 83%]
test_app.py::test_backup_generates_gzip_sqlite PASSED                    [ 84%]
test_app.py::test_database_clear_keeps_settings_and_festivos PASSED      [ 86%]
test_app.py::test_database_restore_roundtrip PASSED                      [ 87%]
test_app.py::test_database_restore_invalid_file PASSED                   [ 88%]
test_app.py::test_database_restore_requires_auth PASSED                  [ 89%]
test_app.py::test_backup_portable_json_snapshot PASSED                   [ 91%]
test_app.py::test_restore_portable_json_roundtrip PASSED                 [ 92%]
test_app.py::test_restore_json_invalid_format PASSED                     [ 93%]
test_app.py::test_quick_backup_creates_and_lists PASSED                  [ 94%]
test_app.py::test_quick_backup_restore_roundtrip PASSED                  [ 96%]
test_app.py::test_delete_quick_backup PASSED                             [ 97%]
test_app.py::test_backup_management_requires_owner_and_auth PASSED       [ 98%]
test_app.py::test_download_quick_backup PASSED                           [100%]

=============================== warnings summary ===============================
main.py:147
  /home/dmlan/Documentos/Default Project/horarios-app/main.py:147: DeprecationWarning: 
          on_event is deprecated, use lifespan event handlers instead.
  
          Read more about it in the
          [FastAPI docs for Lifespan Events](https://fastapi.tiangolo.com/advanced/events/).
          
    @app.on_event("startup")

venv/lib/python3.12/site-packages/fastapi/applications.py:4495
  /home/dmlan/Documentos/Default Project/horarios-app/venv/lib/python3.12/site-packages/fastapi/applications.py:4495: DeprecationWarning: 
          on_event is deprecated, use lifespan event handlers instead.
  
          Read more about it in the
          [FastAPI docs for Lifespan Events](https://fastapi.tiangolo.com/advanced/events/).
          
    return self.router.on_event(event_type)

venv/lib/python3.12/site-packages/starlette/testclient.py:40
  /home/dmlan/Documentos/Default Project/horarios-app/venv/lib/python3.12/site-packages/starlette/testclient.py:40: DeprecationWarning: The anyio.abc.BlockingPortal alias is deprecated, use anyio.from_thread.BlockingPortal instead.
    _PortalFactoryType = typing.Callable[[], typing.ContextManager[anyio.abc.BlockingPortal]]

test_app.py: 17 warnings
  /home/dmlan/Documentos/Default Project/horarios-app/venv/lib/python3.12/site-packages/starlette/templating.py:161: DeprecationWarning: The `name` is not the first parameter anymore. The first parameter should be the `Request` instance.
  Replace `TemplateResponse(name, {"request": request})` by `TemplateResponse(request, name)`.
    warnings.warn(

-- Docs: https://docs.pytest.org/en/stable/how-to/capture-warnings.html
======================= 79 passed, 20 warnings in 57.19s =======================
